// Jest Snapshot v1, https://jestjs.io/docs/snapshot-testing

exports[`NGroup snapshots a 2-row group 1`] = `
<View
  style={
    [
      {
        "gap": 8,
      },
      undefined,
    ]
  }
>
  <Text
    style={
      {
        "color": "#6E6E73",
        "fontSize": 14,
        "fontWeight": "600",
        "letterSpacing": 0.6,
        "marginLeft": 12,
        "textTransform": "uppercase",
      }
    }
  >
    A
  </Text>
  <View
    style={
      [
        {
          "backgroundColor": "#FFFFFF",
          "borderRadius": 24,
        },
        {
          "shadowColor": "#BFBFBF",
          "shadowOffset": {
            "height": 4,
            "width": 4,
          },
          "shadowOpacity": 1,
          "shadowRadius": 8,
        },
        {
          "overflow": "hidden",
        },
      ]
    }
  >
    <View
      pointerEvents="none"
      style={
        [
          {
            "bottom": 0,
            "left": 0,
            "position": "absolute",
            "right": 0,
            "top": 0,
          },
          {
            "borderRadius": 24,
          },
          {
            "shadowColor": "#FFFFFF",
            "shadowOffset": {
              "height": -4,
              "width": -4,
            },
            "shadowOpacity": 1,
            "shadowRadius": 8,
          },
        ]
      }
    />
    <View
      style={
        [
          {
            "alignItems": "center",
            "flexDirection": "row",
            "gap": 12,
            "minHeight": 48,
            "opacity": 1,
            "paddingHorizontal": 16,
            "paddingVertical": 12,
          },
          undefined,
        ]
      }
    >
      <View
        style={
          {
            "flex": 1,
          }
        }
      >
        <Text>
          one
        </Text>
      </View>
    </View>
    <View
      style={
        {
          "backgroundColor": "#BFBFBF",
          "height": 1,
          "marginLeft": 16,
          "opacity": 0.18,
        }
      }
    />
    <View
      style={
        [
          {
            "alignItems": "center",
            "flexDirection": "row",
            "gap": 12,
            "minHeight": 48,
            "opacity": 1,
            "paddingHorizontal": 16,
            "paddingVertical": 12,
          },
          undefined,
        ]
      }
    >
      <View
        style={
          {
            "flex": 1,
          }
        }
      >
        <Text>
          two
        </Text>
      </View>
    </View>
  </View>
</View>
`;
