// Jest Snapshot v1, https://goo.gl/fbAQLP

exports[`Group snapshots a 2-row group 1`] = `
<View
  style={
    [
      {
        "gap": 8,
      },
      undefined,
    ]
  }
>
  <View
    className="flex-row items-center gap-2 ml-3"
  >
    <Text
      className="text-sm font-semibold uppercase tracking-wide"
      style={
        {
          "color": "#6E6E73",
          "letterSpacing": 0.6,
        }
      }
    >
      A
    </Text>
  </View>
  <View
    className="bg-surface rounded-lg"
    style={
      [
        {
          "shadowColor": "#BFBFBF",
          "shadowOffset": {
            "height": 4,
            "width": 4,
          },
          "shadowOpacity": 1,
          "shadowRadius": 8,
        },
        [
          undefined,
          {
            "marginTop": 8,
            "overflow": "hidden",
          },
        ],
      ]
    }
  >
    <View
      pointerEvents="none"
      style={
        [
          {
            "bottom": 0,
            "left": 0,
            "position": "absolute",
            "right": 0,
            "top": 0,
          },
          {
            "borderRadius": 24,
          },
          {
            "shadowColor": "#FFFFFF",
            "shadowOffset": {
              "height": -4,
              "width": -4,
            },
            "shadowOpacity": 1,
            "shadowRadius": 8,
          },
        ]
      }
    />
    <View
      className="flex-row items-center min-h-[48px]"
      style={
        [
          {
            "gap": 12,
            "opacity": 1,
            "paddingHorizontal": 16,
            "paddingVertical": 12,
          },
          undefined,
        ]
      }
    >
      <View
        className="flex-1"
      >
        <Text>
          one
        </Text>
      </View>
    </View>
    <View
      style={
        {
          "backgroundColor": "#BFBFBF",
          "height": 0.5,
          "marginLeft": 16,
          "opacity": 0.18,
        }
      }
    />
    <View
      className="flex-row items-center min-h-[48px]"
      style={
        [
          {
            "gap": 12,
            "opacity": 1,
            "paddingHorizontal": 16,
            "paddingVertical": 12,
          },
          undefined,
        ]
      }
    >
      <View
        className="flex-1"
      >
        <Text>
          two
        </Text>
      </View>
    </View>
  </View>
</View>
`;
